
Attaching package: ‘rmutil’

The following object is masked from ‘package:stats’:

    nobs

The following objects are masked from ‘package:base’:

    as.data.frame, units

KernSmooth 2.23 loaded
Copyright M. P. Wand 1997-2009
Violation rate: 1 
Average stopping n: 756.64 
Saved stopping times to: results/dpsgd/stops_new5.csv 

Attaching package: ‘rmutil’

The following object is masked from ‘package:stats’:

    nobs

The following objects are masked from ‘package:base’:

    as.data.frame, units

KernSmooth 2.23 loaded
Copyright M. P. Wand 1997-2009

Attaching package: ‘rmutil’

The following object is masked from ‘package:stats’:

    nobs

The following objects are masked from ‘package:base’:

    as.data.frame, units

KernSmooth 2.23 loaded
Copyright M. P. Wand 1997-2009
Violation rate: 0.916 
Average stopping n: 1675.08 
Saved stopping times to: results/dpsgd/stops_new5.csv 

Attaching package: ‘rmutil’

The following object is masked from ‘package:stats’:

    nobs

The following objects are masked from ‘package:base’:

    as.data.frame, units

KernSmooth 2.23 loaded
Copyright M. P. Wand 1997-2009
Violation rate: 0.824 
Average stopping n: 5292.92 
Saved stopping times to: results/dpsgd/stops_new7.csv 

Attaching package: ‘rmutil’

The following object is masked from ‘package:stats’:

    nobs

The following objects are masked from ‘package:base’:

    as.data.frame, units

KernSmooth 2.23 loaded
Copyright M. P. Wand 1997-2009
Violation rate: 0.052 
Average stopping n: 9536 
Saved stopping times to: results/dpsgd/stops_new10.csv 
KernSmooth 2.23 loaded
Copyright M. P. Wand 1997-2009
Violation rate: 0.96 
Average stopping n: 854 
Saved stopping times to: results/gaussian/stops_new0.5.csv 
KernSmooth 2.23 loaded
Copyright M. P. Wand 1997-2009
Violation rate: 0.856 
Average stopping n: 3143.72 
Saved stopping times to: results/gaussian/stops_new0.8.csv 
KernSmooth 2.23 loaded
Copyright M. P. Wand 1997-2009
Violation rate: 0.068 
Average stopping n: 9375.48 
Saved stopping times to: results/gaussian/stops_new1.0.csv 
KernSmooth 2.23 loaded
Copyright M. P. Wand 1997-2009
Violation rate: 0.924 
Average stopping n: 1219.32 
Saved stopping times to: results/gaussian_comp_other_paper/stops_new0.01.csv 
KernSmooth 2.23 loaded
Copyright M. P. Wand 1997-2009
Violation rate: 0.928 
Average stopping n: 1315.48 
Saved stopping times to: results/gaussian_comp_other_paper/stops_new0.1.csv 
KernSmooth 2.23 loaded
Copyright M. P. Wand 1997-2009
Violation rate: 0.008 
Average stopping n: 9972.56 
Saved stopping times to: results/gaussian_comp_other_paper/stops_new0.5.csv 
KernSmooth 2.23 loaded
Copyright M. P. Wand 1997-2009
Violation rate: 0.852 
Average stopping n: 2437.64 
Saved stopping times to: results/laplace/stops_new0.5.csv 
KernSmooth 2.23 loaded
Copyright M. P. Wand 1997-2009
Violation rate: 0.708 
Average stopping n: 5649.4 
Saved stopping times to: results/laplace/stops_new0.8.csv 
KernSmooth 2.23 loaded
Copyright M. P. Wand 1997-2009
Violation rate: 0.024 
Average stopping n: 9810.96 
Saved stopping times to: results/laplace/stops_new1.0.csv 
KernSmooth 2.23 loaded
Copyright M. P. Wand 1997-2009
Violation rate: 0.848 
Average stopping n: 2389 
Saved stopping times to: results/laplace_comp_other_paper/stops_new0.01.csv 
KernSmooth 2.23 loaded
Copyright M. P. Wand 1997-2009
Violation rate: 0.716 
Average stopping n: 3843.88 
Saved stopping times to: results/laplace_comp_other_paper/stops_new0.1.csv 
KernSmooth 2.23 loaded
Copyright M. P. Wand 1997-2009

Attaching package: ‘rmutil’

The following object is masked from ‘package:stats’:

    nobs

The following objects are masked from ‘package:base’:

    as.data.frame, units

KernSmooth 2.23 loaded
Copyright M. P. Wand 1997-2009
Violation rate: 0.008 
Average stopping n: 9970.92 
Saved stopping times to: results/laplace_comp_other_paper/stops_new0.5.csv 
Violation rate: 1 
Average stopping n: 657.48 
Saved stopping times to: results/dpsgd/stops_new5.csv 

Attaching package: ‘rmutil’

The following object is masked from ‘package:stats’:

    nobs

The following objects are masked from ‘package:base’:

    as.data.frame, units

KernSmooth 2.23 loaded
Copyright M. P. Wand 1997-2009
Violation rate: 0.932 
Average stopping n: 4579.6 
Saved stopping times to: results/dpsgd/stops_new7.csv 

Attaching package: ‘rmutil’

The following object is masked from ‘package:stats’:

    nobs

The following objects are masked from ‘package:base’:

    as.data.frame, units

KernSmooth 2.23 loaded
Copyright M. P. Wand 1997-2009
Violation rate: 0.092 
Average stopping n: 9140.24 
Saved stopping times to: results/dpsgd/stops_new10.csv 
KernSmooth 2.23 loaded
Copyright M. P. Wand 1997-2009
Violation rate: 1 
Average stopping n: 186.88 
Saved stopping times to: results/gaussian/stops_new0.5.csv 
KernSmooth 2.23 loaded
Copyright M. P. Wand 1997-2009
Violation rate: 1 
Average stopping n: 1448.36 
Saved stopping times to: results/gaussian/stops_new0.8.csv 
KernSmooth 2.23 loaded
Copyright M. P. Wand 1997-2009
Violation rate: 0.068 
Average stopping n: 9378.32 
Saved stopping times to: results/gaussian/stops_new1.0.csv 
KernSmooth 2.23 loaded
Copyright M. P. Wand 1997-2009
Violation rate: 1 
Average stopping n: 187 
Saved stopping times to: results/gaussian_comp_other_paper/stops_new0.01.csv 
KernSmooth 2.23 loaded
Copyright M. P. Wand 1997-2009
Violation rate: 1 
Average stopping n: 261.48 
Saved stopping times to: results/gaussian_comp_other_paper/stops_new0.1.csv 
KernSmooth 2.23 loaded
Copyright M. P. Wand 1997-2009
Violation rate: 0.004 
Average stopping n: 10011.72 
Saved stopping times to: results/gaussian_comp_other_paper/stops_new0.5.csv 
KernSmooth 2.23 loaded
Copyright M. P. Wand 1997-2009
Violation rate: 1 
Average stopping n: 236.32 
Saved stopping times to: results/laplace/stops_new0.5.csv 
KernSmooth 2.23 loaded
Copyright M. P. Wand 1997-2009
Violation rate: 1 
Average stopping n: 1721.16 
Saved stopping times to: results/laplace/stops_new0.8.csv 
KernSmooth 2.23 loaded
Copyright M. P. Wand 1997-2009
Violation rate: 0.044 
Average stopping n: 9622.84 
Saved stopping times to: results/laplace/stops_new1.0.csv 
KernSmooth 2.23 loaded
Copyright M. P. Wand 1997-2009
Violation rate: 1 
Average stopping n: 170.4 
Saved stopping times to: results/laplace_comp_other_paper/stops_new0.01.csv 
KernSmooth 2.23 loaded
Copyright M. P. Wand 1997-2009
Violation rate: 1 
Average stopping n: 233.96 
Saved stopping times to: results/laplace_comp_other_paper/stops_new0.1.csv 
KernSmooth 2.23 loaded
Copyright M. P. Wand 1997-2009
Violation rate: 0.028 
Average stopping n: 9772.8 
Saved stopping times to: results/laplace_comp_other_paper/stops_new0.5.csv 

Attaching package: ‘rmutil’

The following object is masked from ‘package:stats’:

    nobs

The following objects are masked from ‘package:base’:

    as.data.frame, units

KernSmooth 2.23 loaded
Copyright M. P. Wand 1997-2009
Violation rate: 1 
Average stopping n: 799.2 
Saved stopping times to: results/dpsgd/stops_new_1005.csv 

Attaching package: ‘rmutil’

The following object is masked from ‘package:stats’:

    nobs

The following objects are masked from ‘package:base’:

    as.data.frame, units

KernSmooth 2.23 loaded
Copyright M. P. Wand 1997-2009
Violation rate: 0.988 
Average stopping n: 3769.64 
Saved stopping times to: results/dpsgd/stops_new_1007.csv 

Attaching package: ‘rmutil’

The following object is masked from ‘package:stats’:

    nobs

The following objects are masked from ‘package:base’:

    as.data.frame, units

KernSmooth 2.23 loaded
Copyright M. P. Wand 1997-2009
Violation rate: 0.04 
Average stopping n: 9714.56 
Saved stopping times to: results/dpsgd/stops_new_10010.csv 
KernSmooth 2.23 loaded
Copyright M. P. Wand 1997-2009
Violation rate: 1 
Average stopping n: 209.8 
Saved stopping times to: results/gaussian/stops_new_1000.5.csv 
KernSmooth 2.23 loaded
Copyright M. P. Wand 1997-2009
Violation rate: 1 
Average stopping n: 1282.64 
Saved stopping times to: results/gaussian/stops_new_1000.8.csv 
KernSmooth 2.23 loaded
Copyright M. P. Wand 1997-2009
Violation rate: 0.024 
Average stopping n: 9862.6 
Saved stopping times to: results/gaussian/stops_new_1001.0.csv 
KernSmooth 2.23 loaded
Copyright M. P. Wand 1997-2009
Violation rate: 1 
Average stopping n: 196.76 
Saved stopping times to: results/gaussian_comp_other_paper/stops_new_1000.01.csv 
KernSmooth 2.23 loaded
Copyright M. P. Wand 1997-2009
Violation rate: 1 
Average stopping n: 262.04 
Saved stopping times to: results/gaussian_comp_other_paper/stops_new_1000.1.csv 
KernSmooth 2.23 loaded
Copyright M. P. Wand 1997-2009
Violation rate: 0.008 
Average stopping n: 10023 
Saved stopping times to: results/gaussian_comp_other_paper/stops_new_1000.5.csv 
KernSmooth 2.23 loaded
Copyright M. P. Wand 1997-2009
Violation rate: 1 
Average stopping n: 240.84 
Saved stopping times to: results/laplace/stops_new_1000.5.csv 
KernSmooth 2.23 loaded
Copyright M. P. Wand 1997-2009
Violation rate: 1 
Average stopping n: 1580.88 
Saved stopping times to: results/laplace/stops_new_1000.8.csv 
KernSmooth 2.23 loaded
Copyright M. P. Wand 1997-2009
Violation rate: 0.032 
Average stopping n: 9794.08 
Saved stopping times to: results/laplace/stops_new_1001.0.csv 
KernSmooth 2.23 loaded
Copyright M. P. Wand 1997-2009
Violation rate: 1 
Average stopping n: 172.4 
Saved stopping times to: results/laplace_comp_other_paper/stops_new_1000.01.csv 
KernSmooth 2.23 loaded
Copyright M. P. Wand 1997-2009
Violation rate: 1 
Average stopping n: 252.92 
Saved stopping times to: results/laplace_comp_other_paper/stops_new_1000.1.csv 
KernSmooth 2.23 loaded
Copyright M. P. Wand 1997-2009
Violation rate: 0.012 
Average stopping n: 10007.12 
Saved stopping times to: results/laplace_comp_other_paper/stops_new_1000.5.csv 
